does add a volume and volume mount when oncall.devMode is enabled:
  1: |
    - mountPath: /etc/app
      name: dev-reloaded-engine
  2: |
    - hostPath:
        path: /engine
      name: dev-reloaded-engine
