// Jest Snapshot v1, https://goo.gl/fbAQLP

exports[`StatusMessageBlock It renders properly 1`] = `
<body>
  <div>
    <pre
      data-testid="status-message-block"
    >
      <span
        class="css-77ouhj--undefined css-77ouhj--medium css-1287p17"
      >
        helloooo
      </span>
    </pre>
  </div>
</body>
`;
