// Jest Snapshot v1, https://goo.gl/fbAQLP

exports[`TeamResponder it renders data properly 1`] = `
<div>
  <li>
    <div
      class="css-1mhys9y-horizontal-group"
      style="width: 100%; height: 100%;"
    >
      <div
        class="css-18qv8yz-layoutChildrenWrapper"
      >
        <div
          class="css-ffyaiw-horizontal-group"
          style="width: 100%; height: 100%;"
        >
          <div
            class="css-18qv8yz-layoutChildrenWrapper"
          >
            <div
              class="timeline-icon-background"
            >
              <img
                class="root avatarSize-medium"
                data-testid="test__avatar"
                src="https://example.com"
              />
            </div>
          </div>
          <div
            class="css-18qv8yz-layoutChildrenWrapper"
          >
            <span
              class="root text text--undefined text--medium responder-name"
            >
              my test team
            </span>
          </div>
        </div>
      </div>
      <div
        class="css-18qv8yz-layoutChildrenWrapper"
      >
        <button
          aria-label="Remove responder"
          class="css-17584xm"
          data-testid="team-responder-delete-icon"
          tabindex="0"
          type="button"
        >
          <div
            class="css-1j2891d-Icon"
          />
        </button>
      </div>
    </div>
  </li>
</div>
`;
