// Jest Snapshot v1, https://goo.gl/fbAQLP

exports[`UserResponder it renders data properly 1`] = `
<div>
  <li>
    <div
      class="css-1mhys9y-horizontal-group"
      style="width: 100%; height: 100%;"
    >
      <div
        class="css-18qv8yz-layoutChildrenWrapper"
      >
        <div
          class="css-ffyaiw-horizontal-group"
          style="width: 100%; height: 100%;"
        >
          <div
            class="css-18qv8yz-layoutChildrenWrapper"
          >
            <div
              class="timeline-icon-background timeline-icon-background--green"
            >
              <img
                class="root avatarSize-medium"
                data-testid="test__avatar"
                src="http://avatar.com/"
              />
            </div>
          </div>
          <div
            class="css-18qv8yz-layoutChildrenWrapper"
          >
            <span
              class="root text text--undefined text--medium responder-name"
            >
              johnsmith
            </span>
          </div>
        </div>
      </div>
      <div
        class="css-18qv8yz-layoutChildrenWrapper"
      >
        <div
          class="css-ffyaiw-horizontal-group"
          style="width: 100%; height: 100%;"
        >
          <div
            class="css-18qv8yz-layoutChildrenWrapper"
          >
            <div
              class="css-1nmqu8c-input-wrapper select css-8k5qe3-SelectContainer"
            >
              <span
                class="css-1f43avz-a11yText-A11yText"
                id="react-select-2-live-region"
              />
              <span
                aria-atomic="false"
                aria-live="polite"
                aria-relevant="additions text"
                class="css-1f43avz-a11yText-A11yText"
              />
              <div
                class="css-1i88p6p"
              >
                <div
                  class="css-1q0c0d5-grafana-select-value-container"
                >
                  <div
                    class="css-8nwx1l-singleValue css-upz218-SingleValue"
                  >
                    Important
                  </div>
                  <input
                    aria-autocomplete="list"
                    aria-expanded="false"
                    aria-haspopup="true"
                    aria-readonly="true"
                    class="css-mohuvp-dummyInput-DummyInput"
                    id="react-select-2-input"
                    inputmode="none"
                    role="combobox"
                    tabindex="0"
                    value=""
                  />
                </div>
                <div
                  class="css-zyjsuv-input-suffix"
                >
                  <div
                    class="css-1j2891d-Icon"
                  />
                </div>
              </div>
            </div>
          </div>
          <div
            class="css-18qv8yz-layoutChildrenWrapper"
          >
            <button
              aria-label="Remove responder"
              class="css-17584xm"
              data-testid="user-responder-delete-icon"
              tabindex="0"
              type="button"
            >
              <div
                class="css-1j2891d-Icon"
              />
            </button>
          </div>
        </div>
      </div>
    </div>
  </li>
</div>
`;
